// Jest Snapshot v1, https://goo.gl/fbAQLP

exports[`MenuItem renders correctly 1`] = `
<div
  className="menu-item"
  onClick={[Function]}
>
  <div>
    Test
  </div>
</div>
`;
